// Jest Snapshot v1, https://goo.gl/fbAQLP

exports[`Confirmation should take a snapshot 1`] = `
Object {
  "asFragment": [Function],
  "baseElement": <body>
    <div>
      <div>
        <div>
          <div
            class="MuiStack-root css-msk5bl-MuiStack-root"
          >
            <h5
              class="MuiTypography-root MuiTypography-h5 css-1k1sedy-MuiTypography-root"
            >
              Thank you for your order!
            </h5>
            <div
              class="MuiStack-root css-hwnj0i-MuiStack-root"
            >
              <p
                class="MuiTypography-root MuiTypography-body1 css-1qqynwt-MuiTypography-root"
              >
                Order number is: 123456789
              </p>
              <p
                class="MuiTypography-root MuiTypography-body1 css-lh1nwc-MuiTypography-root"
              >
                You will receive an email confirmation shortly to
                 
                <a
                  class="MuiTypography-root MuiTypography-inherit MuiLink-root MuiLink-underlineAlways css-mb785f-MuiTypography-root-MuiLink-root"
                >
                  jonathan.smith@gmail.com
                </a>
              </p>
            </div>
            <p
              class="MuiTypography-root MuiTypography-body1 css-lh1nwc-MuiTypography-root"
            >
              Estimated delivery day is 
              <br />
              <b>
                Friday, July 15, 2022
              </b>
            </p>
          </div>
        </div>
        <a
          class="MuiTypography-root MuiTypography-inherit MuiLink-root MuiLink-underlineAlways css-31txpq-MuiTypography-root-MuiLink-root"
        >
          Print Recipe
        </a>
      </div>
    </div>
  </body>,
  "container": <div>
    <div>
      <div>
        <div
          class="MuiStack-root css-msk5bl-MuiStack-root"
        >
          <h5
            class="MuiTypography-root MuiTypography-h5 css-1k1sedy-MuiTypography-root"
          >
            Thank you for your order!
          </h5>
          <div
            class="MuiStack-root css-hwnj0i-MuiStack-root"
          >
            <p
              class="MuiTypography-root MuiTypography-body1 css-1qqynwt-MuiTypography-root"
            >
              Order number is: 123456789
            </p>
            <p
              class="MuiTypography-root MuiTypography-body1 css-lh1nwc-MuiTypography-root"
            >
              You will receive an email confirmation shortly to
               
              <a
                class="MuiTypography-root MuiTypography-inherit MuiLink-root MuiLink-underlineAlways css-mb785f-MuiTypography-root-MuiLink-root"
              >
                jonathan.smith@gmail.com
              </a>
            </p>
          </div>
          <p
            class="MuiTypography-root MuiTypography-body1 css-lh1nwc-MuiTypography-root"
          >
            Estimated delivery day is 
            <br />
            <b>
              Friday, July 15, 2022
            </b>
          </p>
        </div>
      </div>
      <a
        class="MuiTypography-root MuiTypography-inherit MuiLink-root MuiLink-underlineAlways css-31txpq-MuiTypography-root-MuiLink-root"
      >
        Print Recipe
      </a>
    </div>
  </div>,
  "debug": [Function],
  "findAllByAltText": [Function],
  "findAllByDisplayValue": [Function],
  "findAllByLabelText": [Function],
  "findAllByPlaceholderText": [Function],
  "findAllByRole": [Function],
  "findAllByTestId": [Function],
  "findAllByText": [Function],
  "findAllByTitle": [Function],
  "findByAltText": [Function],
  "findByDisplayValue": [Function],
  "findByLabelText": [Function],
  "findByPlaceholderText": [Function],
  "findByRole": [Function],
  "findByTestId": [Function],
  "findByText": [Function],
  "findByTitle": [Function],
  "getAllByAltText": [Function],
  "getAllByDisplayValue": [Function],
  "getAllByLabelText": [Function],
  "getAllByPlaceholderText": [Function],
  "getAllByRole": [Function],
  "getAllByTestId": [Function],
  "getAllByText": [Function],
  "getAllByTitle": [Function],
  "getByAltText": [Function],
  "getByDisplayValue": [Function],
  "getByLabelText": [Function],
  "getByPlaceholderText": [Function],
  "getByRole": [Function],
  "getByTestId": [Function],
  "getByText": [Function],
  "getByTitle": [Function],
  "queryAllByAltText": [Function],
  "queryAllByDisplayValue": [Function],
  "queryAllByLabelText": [Function],
  "queryAllByPlaceholderText": [Function],
  "queryAllByRole": [Function],
  "queryAllByTestId": [Function],
  "queryAllByText": [Function],
  "queryAllByTitle": [Function],
  "queryByAltText": [Function],
  "queryByDisplayValue": [Function],
  "queryByLabelText": [Function],
  "queryByPlaceholderText": [Function],
  "queryByRole": [Function],
  "queryByTestId": [Function],
  "queryByText": [Function],
  "queryByTitle": [Function],
  "rerender": [Function],
  "unmount": [Function],
}
`;
