// Jest Snapshot v1, https://goo.gl/fbAQLP

exports[`Item should take a snapshot 1`] = `
Object {
  "asFragment": [Function],
  "baseElement": <body>
    <div>
      <div
        class="MuiStack-root css-p8evn3-MuiStack-root"
      >
        <div
          class="MuiStack-root css-m69qwo-MuiStack-root"
        >
          <div
            class="MuiBox-root css-ls5xll"
          >
            <img
              alt="The Chelsea Boot"
              class="css-1on8nc4"
              src="test.png"
            />
          </div>
          <div
            class="MuiStack-root css-agsrie-MuiStack-root"
          >
            <p
              class="MuiTypography-root MuiTypography-body1 css-19n2ks6-MuiTypography-root"
            >
              The Chelsea Boot
            </p>
            <p
              class="MuiTypography-root MuiTypography-body1 css-1n8z4pj-MuiTypography-root"
            >
              black
              <br />
              Quantity: 
              1
            </p>
          </div>
        </div>
        <p
          class="MuiTypography-root MuiTypography-body1 css-1t6yuoi-MuiTypography-root"
        >
          $
          100
        </p>
      </div>
    </div>
  </body>,
  "container": <div>
    <div
      class="MuiStack-root css-p8evn3-MuiStack-root"
    >
      <div
        class="MuiStack-root css-m69qwo-MuiStack-root"
      >
        <div
          class="MuiBox-root css-ls5xll"
        >
          <img
            alt="The Chelsea Boot"
            class="css-1on8nc4"
            src="test.png"
          />
        </div>
        <div
          class="MuiStack-root css-agsrie-MuiStack-root"
        >
          <p
            class="MuiTypography-root MuiTypography-body1 css-19n2ks6-MuiTypography-root"
          >
            The Chelsea Boot
          </p>
          <p
            class="MuiTypography-root MuiTypography-body1 css-1n8z4pj-MuiTypography-root"
          >
            black
            <br />
            Quantity: 
            1
          </p>
        </div>
      </div>
      <p
        class="MuiTypography-root MuiTypography-body1 css-1t6yuoi-MuiTypography-root"
      >
        $
        100
      </p>
    </div>
  </div>,
  "debug": [Function],
  "findAllByAltText": [Function],
  "findAllByDisplayValue": [Function],
  "findAllByLabelText": [Function],
  "findAllByPlaceholderText": [Function],
  "findAllByRole": [Function],
  "findAllByTestId": [Function],
  "findAllByText": [Function],
  "findAllByTitle": [Function],
  "findByAltText": [Function],
  "findByDisplayValue": [Function],
  "findByLabelText": [Function],
  "findByPlaceholderText": [Function],
  "findByRole": [Function],
  "findByTestId": [Function],
  "findByText": [Function],
  "findByTitle": [Function],
  "getAllByAltText": [Function],
  "getAllByDisplayValue": [Function],
  "getAllByLabelText": [Function],
  "getAllByPlaceholderText": [Function],
  "getAllByRole": [Function],
  "getAllByTestId": [Function],
  "getAllByText": [Function],
  "getAllByTitle": [Function],
  "getByAltText": [Function],
  "getByDisplayValue": [Function],
  "getByLabelText": [Function],
  "getByPlaceholderText": [Function],
  "getByRole": [Function],
  "getByTestId": [Function],
  "getByText": [Function],
  "getByTitle": [Function],
  "queryAllByAltText": [Function],
  "queryAllByDisplayValue": [Function],
  "queryAllByLabelText": [Function],
  "queryAllByPlaceholderText": [Function],
  "queryAllByRole": [Function],
  "queryAllByTestId": [Function],
  "queryAllByText": [Function],
  "queryAllByTitle": [Function],
  "queryByAltText": [Function],
  "queryByDisplayValue": [Function],
  "queryByLabelText": [Function],
  "queryByPlaceholderText": [Function],
  "queryByRole": [Function],
  "queryByTestId": [Function],
  "queryByText": [Function],
  "queryByTitle": [Function],
  "rerender": [Function],
  "unmount": [Function],
}
`;

exports[`Item should take a snapshot 1`] = `
Object {
  "asFragment": [Function],
  "baseElement": <body>
    <div>
      <div
        class="MuiStack-root css-p8evn3-MuiStack-root"
      >
        <div
          class="MuiStack-root css-m69qwo-MuiStack-root"
        >
          <div
            class="MuiBox-root css-ls5xll"
          >
            <img
              alt="The Chelsea Boot"
              class="css-1on8nc4"
              src="test.png"
            />
          </div>
          <div
            class="MuiStack-root css-agsrie-MuiStack-root"
          >
            <p
              class="MuiTypography-root MuiTypography-body1 css-19n2ks6-MuiTypography-root"
            >
              The Chelsea Boot
            </p>
            <p
              class="MuiTypography-root MuiTypography-body1 css-1n8z4pj-MuiTypography-root"
            >
              black
              <br />
              Quantity: 
              1
            </p>
          </div>
        </div>
        <p
          class="MuiTypography-root MuiTypography-body1 css-1t6yuoi-MuiTypography-root"
        >
          $
          100
        </p>
      </div>
    </div>
  </body>,
  "container": <div>
    <div
      class="MuiStack-root css-p8evn3-MuiStack-root"
    >
      <div
        class="MuiStack-root css-m69qwo-MuiStack-root"
      >
        <div
          class="MuiBox-root css-ls5xll"
        >
          <img
            alt="The Chelsea Boot"
            class="css-1on8nc4"
            src="test.png"
          />
        </div>
        <div
          class="MuiStack-root css-agsrie-MuiStack-root"
        >
          <p
            class="MuiTypography-root MuiTypography-body1 css-19n2ks6-MuiTypography-root"
          >
            The Chelsea Boot
          </p>
          <p
            class="MuiTypography-root MuiTypography-body1 css-1n8z4pj-MuiTypography-root"
          >
            black
            <br />
            Quantity: 
            1
          </p>
        </div>
      </div>
      <p
        class="MuiTypography-root MuiTypography-body1 css-1t6yuoi-MuiTypography-root"
      >
        $
        100
      </p>
    </div>
  </div>,
  "debug": [Function],
  "findAllByAltText": [Function],
  "findAllByDisplayValue": [Function],
  "findAllByLabelText": [Function],
  "findAllByPlaceholderText": [Function],
  "findAllByRole": [Function],
  "findAllByTestId": [Function],
  "findAllByText": [Function],
  "findAllByTitle": [Function],
  "findByAltText": [Function],
  "findByDisplayValue": [Function],
  "findByLabelText": [Function],
  "findByPlaceholderText": [Function],
  "findByRole": [Function],
  "findByTestId": [Function],
  "findByText": [Function],
  "findByTitle": [Function],
  "getAllByAltText": [Function],
  "getAllByDisplayValue": [Function],
  "getAllByLabelText": [Function],
  "getAllByPlaceholderText": [Function],
  "getAllByRole": [Function],
  "getAllByTestId": [Function],
  "getAllByText": [Function],
  "getAllByTitle": [Function],
  "getByAltText": [Function],
  "getByDisplayValue": [Function],
  "getByLabelText": [Function],
  "getByPlaceholderText": [Function],
  "getByRole": [Function],
  "getByTestId": [Function],
  "getByText": [Function],
  "getByTitle": [Function],
  "queryAllByAltText": [Function],
  "queryAllByDisplayValue": [Function],
  "queryAllByLabelText": [Function],
  "queryAllByPlaceholderText": [Function],
  "queryAllByRole": [Function],
  "queryAllByTestId": [Function],
  "queryAllByText": [Function],
  "queryAllByTitle": [Function],
  "queryByAltText": [Function],
  "queryByDisplayValue": [Function],
  "queryByLabelText": [Function],
  "queryByPlaceholderText": [Function],
  "queryByRole": [Function],
  "queryByTestId": [Function],
  "queryByText": [Function],
  "queryByTitle": [Function],
  "rerender": [Function],
  "unmount": [Function],
}
`;
